// Vitest Snapshot v1, https://vitest.dev/guide/snapshot.html

exports[`App component > renders magnificent monkeys 1`] = `
<div>
  <button>
    Click Me
  </button>
  <h1>
    Magnificent Monkeys
  </h1>
</div>
`;
